[Map]
author=Anonymous
[Continents]
SOUTH AMERICA=2
EUROPE=5
ASIA=7
[Territories]
Peru,262.0,349.0,SOUTH AMERICA,Venezuala,Brazil,Argentina
Argentina,263.0,407.0,SOUTH AMERICA,Peru,Brazil
Brazil,308.0,337.0,SOUTH AMERICA,Venezuala,Peru,Argentina,North Africa
Iceland,380.0,126.0,EUROPE,Greenland,Great Britain,Scandinavia
Great Britain,419.0,169.0,EUROPE,Iceland,Scandinavia,Western Europe,Northern Europe
Western Europe,423.0,202.0,EUROPE,Great Britain,Northern Europe,Southern Europe,North Africa
Scandinavia,463.0,127.0,EUROPE,Iceland,Great Britain,Northern Europe,Ukraine
Northern Europe,460.0,173.0,EUROPE,Great Britain,Scandinavia,Ukraine,Southern Europe,Western Europe
Southern Europe,473.0,197.0,EUROPE,Northern Europe,Ukraine,Middle East,Egypt,North Africa,Western Europe
Ukraine,524.0,157.0,EUROPE,Ural,Afghanistan,Middle East,Southern Europe,Northern Europe,Scandinavia
Middle East,530.0,234.0,ASIA,Ukraine,Afghanistan,India,Southern Europe,Egypt,East Africa
Ural,613.0,136.0,ASIA,Siberia,China,Afghanistan,Ukraine
Afghanistan,585.0,192.0,ASIA,Ural,China,India,Middle East,Ukraine
India,612.0,249.0,ASIA,China,Siam,Afghanistan,Middle East
Siberia,666.0,110.0,ASIA,Yatusk,Irkutsk,Mongolia,China,Ural
China,662.0,217.0,ASIA,Ural,Siberia,Mongolia,Siam,India,Afghanistan
Siam,671.0,270.0,ASIA,China,India,Indonesia
Mongolia,707.0,188.0,ASIA,Siberia,Irkutsk,Japan,China,Kamchatka
Irkutsk,698.0,152.0,ASIA,Siberia,Yatusk,Kamchatka,Mongolia
Yatusk,738.0,118.0,ASIA,Siberia,Irkutsk,Kamchatka
Kamchatka,806.0,125.0,ASIA,Yatusk,Irkutsk,Japan,Alaska,Mongolia
Japan,759.0,220.0,ASIA,Kamchatka,Mongolia

